715
32190
958
2286
518
32238
1030
2646
934
32366
1118
2518
614
31846
990
2110
598
32158
1086
2518
902
32262
1102
2510
1014
32222
1070
2582
1046
32382
1446
2678
1086
32318
1062
2510
934
32158
918
2494
1054
32358
659
1411
763
-201
539
1311
547
-93
535
1311
575
-237
467
1283
563
-257
459
1311
32262
1558
2174
22
32318
1646
2150
70
32646
1638
2414
86
32598
1542
2326
230
32302
1614
2558
86
32262
1574
2054
494
32382
1798
2174
494
32358
1558
2398
430
32342
1950
2718
566
6
2006
2654
534
32350
1646
2102
62
32302
1542
2110
398
32702
1614
2630
542
32374
1950
2630
582
32662
1518
2070
30
32158
1078
2262
86
32222
1446
2542
470
32302
1438
2118
414
32174
1150
2374
350
32150
1118
2118
318
31766
1126
2166
46
31774
1334
2390
622
32382
1510
2670
766
32374
1110
2438
550
31838
1126
2070
550
31854
1142
2166
590
32302
1118
2590
1006
32278
1462
2838
910
32286
1414
2454
1014
32182
1150
2590
982
-241
535
1491
535
-197
739
1295
495
-233
563
1303
483
-245
519
1251
455
-317
451
1219
483
-245
559
1311
567
-193
739
1295
563
-261
451
1079
451
-353
295
62
32734
1550
2462
398
32270
1654
2158
62
32270
1550
2494
358
32382
1598
2630
638
32710
1966
2654
566
32262
1566
2126
86
32334
1598
2142
414
32558
1974
2574
606
32294
1630
2550
518
32342
1462
2550
38
32142
1118
2110
518
32310
1958
2662
566
32326
1534
2454
446
32166
1142
2166
406
32166
1054
2118
470
32166
1134
2054
430
31870
1518
2534
622
32310
1150
2534
582
32278
1030
2150
574
32158
1438
2550
518
32206
1494
2478
598
32318
1094
2670
934
32702
1134
2654
1006
32294
1054
2518
558
32286
1510
2670
1014
32454
1054
2694
515
-209
535
1303
503
-201
671
1295
563
-109
723
1311
483
-269
495
1251
479
-273
519
1287
535
-221
539
1315
571
-221
511
1287
547
-281
307
1219
531
-289
303
1283
731
-217
455
1267
555
-297
299
1067
539
-457
287
1083
575
-301
2542
102
32750
2102
2446
38
32718
2174
2134
54
470
2118
2510
30
32766
2062
2070
6
32278
1926
2334
102
32374
2014
2166
6
32318
1662
2478
110
32294
1966
2414
14
32374
1566
2142
32742
32326
1662
2086
32766
32382
2030
2142
334
32270
1614
2070
54
32382
1646
2118
32742
32190
1526
2126
118
32350
1966
2110
94
32294
1630
2534
502
32302
1662
2142
30
32334
1598
2558
30
32382
1566
2486
494
32286
1558
2574
550
32382
1998
2518
502
-217
779
1255
267
-225
831
1267
279
-41
799
1251
279
-49
803
1291
479
-241
991
1343
295
-237
735
1075
219
-309
559
1079
211
-449
763
1051
271
-245
727
1299
507
-241
727
1251
287
-317
567
1051
199
-497
563
1111
307
-281
551
1083
307
-317
559
1071
263
-297
567
1087
267
-453
495
1083
279
-265
467
1043
503
-249
571
32686
32726
2054
1630
32358
32382
2070
1990
32646
32758
2158
2070
32678
32718
2102
2062
32678
32686
2046
2014
32334
32270
1622
1614
32334
32310
1638
2038
32726
32718
2158
2518
70
32678
1982
2030
32310
32390
1614
1934
32318
32286
1558
2062
32734
32302
1990
2558
102
32734
2110
2254
54
32350
1926
2350
86
32270
1942
2358
22
32694
2166
2118
342
32646
1966
2134
19
-57
1007
1243
191
-57
983
1207
191
-17
775
1043
23
-213
995
1295
267
-25
1003
1255
43
-225
911
1067
15
-241
779
1231
59
-281
751
1051
251
-249
995
1251
239
-217
823
1047
3
-297
567
1035
119
-269
747
1055
199
-237
735
1027
227
-285
575
1055
235
-229
735
1219
243
-273
535
1043
223
-269
575
1259
283
-221
795
1339
271
-25
751
1295
291
-213
567
1243
455
-249
523
1235
471
-217
1142
1311
590
2126
1038
32158
606
2158
1086
32182
590
2126
1046
32134
526
2126
1270
32246
814
2566
1470
32286
638
2574
1526
32270
550
2118
1518
32158
526
2142
1062
32294
518
2590
1566
32342
878
2614
1606
32654
590
2462
1446
32278
494
2446
1502
32358
283
1279
771
-197
263
1311
871
-237
391
1311
875
-193
287
1267
771
-57
199
1083
815
-237
235
1279
791
-217
279
1275
819
-241
3
1243
739
-301
39
1071
751
-261
23
1083
803
-17
39
1083
783
-17
43
1255
819
-253
3
1043
795
-241
47
1127
775
-13
159
1139
771
-33
55
1231
959
-217
59
1255
1003
-253
55
1115
871
-193
55
1279
1023
-17
27
1239
1087
-5
39
1079
979
-245
-9
1067
967
-233
3
1039
1023
-29
11
1047
1047
31
239
1059
1043
15
43
1047
1063
-21
7
1031
32374
1566
2598
542
32670
1526
2518
582
32270
1102
2166
534
32190
1134
2078
486
32166
1046
2502
998
32302
1534
2830
598
32678
1150
2526
574
32262
1054
2590
990
-17
751
1515
499
-21
567
1315
495
-197
543
1283
483
-49
535
1307
495
-269
559
1223
259
-273
723
1323
499
-225
543
1355
495
-225
555
1239
267
-449
471
1071
511
-481
467
1247
479
-449
515
1279
511
-249
503
1235
507
-489
295
1247
299
-461
311
1083
519
-253
523
1291
559
-265
319
1243
519
-277
459
1283
575
-249
463
1255
559
-297
271
1235
719
-221
499
1443
731
-237
555
1519
707
-253
451
1287
527
-237
299
1279
519
-225
279
1319
723
-17
491
1443
771
-29
275
1271
539
-289
263
1059
575
-253
395
1279
747
-249
475
1259
711
-245
267
1083
575
-245
267
1219
723
1646
2110
126
32318
1566
2078
22
32334
1942
2486
390
32382
1934
2462
47
-241
795
1215
51
-233
819
1263
227
-213
815
1251
215
-249
827
1227
191
-221
803
1087
